// Jest Snapshot v1, https://goo.gl/fbAQLP

exports[`Calendar.vue Calendar スナップショット(currentDateだけがNGの場合「yarn test:update」を実施) 1`] = `
{
  "baseElement": <body>
    <div>
      <div>
        <div
          id="header"
        >
          <span
            class="header-arrow"
          >
            ◀
          </span>
          <span
            class="header-arrow"
          >
            ＜
          </span>
          <span
            class="selected-month"
          >
            2023年4月
          </span>
          <span
            class="header-arrow"
          >
            ＞
          </span>
          <span
            class="header-arrow"
          >
            ▶
          </span>
        </div>
        <table
          id="main"
        >
          <thead>
            
            <th>
              日
            </th>
            <th>
              月
            </th>
            <th>
              火
            </th>
            <th>
              水
            </th>
            <th>
              木
            </th>
            <th>
              金
            </th>
            <th>
              土
            </th>
            
          </thead>
          <tbody>
            
            <tr>
              
              <td
                class=""
              >
                <span />
              </td>
              <td
                class=""
              >
                <span />
              </td>
              <td
                class=""
              >
                <span />
              </td>
              <td
                class=""
              >
                <span />
              </td>
              <td
                class=""
              >
                <span />
              </td>
              <td
                class=""
              >
                <span />
              </td>
              <td
                class=""
              >
                <span>
                  1
                </span>
              </td>
              
            </tr>
            <tr>
              
              <td
                class=""
              >
                <span>
                  2
                </span>
              </td>
              <td
                class=""
              >
                <span>
                  3
                </span>
              </td>
              <td
                class=""
              >
                <span>
                  4
                </span>
              </td>
              <td
                class=""
              >
                <span>
                  5
                </span>
              </td>
              <td
                class=""
              >
                <span>
                  6
                </span>
              </td>
              <td
                class=""
              >
                <span>
                  7
                </span>
              </td>
              <td
                class=""
              >
                <span>
                  8
                </span>
              </td>
              
            </tr>
            <tr>
              
              <td
                class=""
              >
                <span>
                  9
                </span>
              </td>
              <td
                class=""
              >
                <span>
                  10
                </span>
              </td>
              <td
                class=""
              >
                <span>
                  11
                </span>
              </td>
              <td
                class=""
              >
                <span>
                  12
                </span>
              </td>
              <td
                class=""
              >
                <span>
                  13
                </span>
              </td>
              <td
                class=""
              >
                <span>
                  14
                </span>
              </td>
              <td
                class=""
              >
                <span>
                  15
                </span>
              </td>
              
            </tr>
            <tr>
              
              <td
                class=""
              >
                <span>
                  16
                </span>
              </td>
              <td
                class=""
              >
                <span>
                  17
                </span>
              </td>
              <td
                class=""
              >
                <span>
                  18
                </span>
              </td>
              <td
                class=""
              >
                <span>
                  19
                </span>
              </td>
              <td
                class=""
              >
                <span>
                  20
                </span>
              </td>
              <td
                class=""
              >
                <span>
                  21
                </span>
              </td>
              <td
                class=""
              >
                <span>
                  22
                </span>
              </td>
              
            </tr>
            <tr>
              
              <td
                class=""
              >
                <span>
                  23
                </span>
              </td>
              <td
                class=""
              >
                <span>
                  24
                </span>
              </td>
              <td
                class=""
              >
                <span>
                  25
                </span>
              </td>
              <td
                class=""
              >
                <span>
                  26
                </span>
              </td>
              <td
                class=""
              >
                <span>
                  27
                </span>
              </td>
              <td
                class=""
              >
                <span>
                  28
                </span>
              </td>
              <td
                class=""
              >
                <span>
                  29
                </span>
              </td>
              
            </tr>
            <tr>
              
              <td
                class=""
              >
                <span>
                  30
                </span>
              </td>
              <td
                class=""
              >
                <span />
              </td>
              <td
                class=""
              >
                <span />
              </td>
              <td
                class=""
              >
                <span />
              </td>
              <td
                class=""
              >
                <span />
              </td>
              <td
                class=""
              >
                <span />
              </td>
              <td
                class=""
              >
                <span />
              </td>
              
            </tr>
            
          </tbody>
        </table>
      </div>
    </div>
  </body>,
  "container": <div>
    <div>
      <div
        id="header"
      >
        <span
          class="header-arrow"
        >
          ◀
        </span>
        <span
          class="header-arrow"
        >
          ＜
        </span>
        <span
          class="selected-month"
        >
          2023年4月
        </span>
        <span
          class="header-arrow"
        >
          ＞
        </span>
        <span
          class="header-arrow"
        >
          ▶
        </span>
      </div>
      <table
        id="main"
      >
        <thead>
          
          <th>
            日
          </th>
          <th>
            月
          </th>
          <th>
            火
          </th>
          <th>
            水
          </th>
          <th>
            木
          </th>
          <th>
            金
          </th>
          <th>
            土
          </th>
          
        </thead>
        <tbody>
          
          <tr>
            
            <td
              class=""
            >
              <span />
            </td>
            <td
              class=""
            >
              <span />
            </td>
            <td
              class=""
            >
              <span />
            </td>
            <td
              class=""
            >
              <span />
            </td>
            <td
              class=""
            >
              <span />
            </td>
            <td
              class=""
            >
              <span />
            </td>
            <td
              class=""
            >
              <span>
                1
              </span>
            </td>
            
          </tr>
          <tr>
            
            <td
              class=""
            >
              <span>
                2
              </span>
            </td>
            <td
              class=""
            >
              <span>
                3
              </span>
            </td>
            <td
              class=""
            >
              <span>
                4
              </span>
            </td>
            <td
              class=""
            >
              <span>
                5
              </span>
            </td>
            <td
              class=""
            >
              <span>
                6
              </span>
            </td>
            <td
              class=""
            >
              <span>
                7
              </span>
            </td>
            <td
              class=""
            >
              <span>
                8
              </span>
            </td>
            
          </tr>
          <tr>
            
            <td
              class=""
            >
              <span>
                9
              </span>
            </td>
            <td
              class=""
            >
              <span>
                10
              </span>
            </td>
            <td
              class=""
            >
              <span>
                11
              </span>
            </td>
            <td
              class=""
            >
              <span>
                12
              </span>
            </td>
            <td
              class=""
            >
              <span>
                13
              </span>
            </td>
            <td
              class=""
            >
              <span>
                14
              </span>
            </td>
            <td
              class=""
            >
              <span>
                15
              </span>
            </td>
            
          </tr>
          <tr>
            
            <td
              class=""
            >
              <span>
                16
              </span>
            </td>
            <td
              class=""
            >
              <span>
                17
              </span>
            </td>
            <td
              class=""
            >
              <span>
                18
              </span>
            </td>
            <td
              class=""
            >
              <span>
                19
              </span>
            </td>
            <td
              class=""
            >
              <span>
                20
              </span>
            </td>
            <td
              class=""
            >
              <span>
                21
              </span>
            </td>
            <td
              class=""
            >
              <span>
                22
              </span>
            </td>
            
          </tr>
          <tr>
            
            <td
              class=""
            >
              <span>
                23
              </span>
            </td>
            <td
              class=""
            >
              <span>
                24
              </span>
            </td>
            <td
              class=""
            >
              <span>
                25
              </span>
            </td>
            <td
              class=""
            >
              <span>
                26
              </span>
            </td>
            <td
              class=""
            >
              <span>
                27
              </span>
            </td>
            <td
              class=""
            >
              <span>
                28
              </span>
            </td>
            <td
              class=""
            >
              <span>
                29
              </span>
            </td>
            
          </tr>
          <tr>
            
            <td
              class=""
            >
              <span>
                30
              </span>
            </td>
            <td
              class=""
            >
              <span />
            </td>
            <td
              class=""
            >
              <span />
            </td>
            <td
              class=""
            >
              <span />
            </td>
            <td
              class=""
            >
              <span />
            </td>
            <td
              class=""
            >
              <span />
            </td>
            <td
              class=""
            >
              <span />
            </td>
            
          </tr>
          
        </tbody>
      </table>
    </div>
  </div>,
  "debug": [Function],
  "emitted": [Function],
  "findAllByAltText": [Function],
  "findAllByDisplayValue": [Function],
  "findAllByLabelText": [Function],
  "findAllByPlaceholderText": [Function],
  "findAllByRole": [Function],
  "findAllByTestId": [Function],
  "findAllByText": [Function],
  "findAllByTitle": [Function],
  "findByAltText": [Function],
  "findByDisplayValue": [Function],
  "findByLabelText": [Function],
  "findByPlaceholderText": [Function],
  "findByRole": [Function],
  "findByTestId": [Function],
  "findByText": [Function],
  "findByTitle": [Function],
  "getAllByAltText": [Function],
  "getAllByDisplayValue": [Function],
  "getAllByLabelText": [Function],
  "getAllByPlaceholderText": [Function],
  "getAllByRole": [Function],
  "getAllByTestId": [Function],
  "getAllByText": [Function],
  "getAllByTitle": [Function],
  "getByAltText": [Function],
  "getByDisplayValue": [Function],
  "getByLabelText": [Function],
  "getByPlaceholderText": [Function],
  "getByRole": [Function],
  "getByTestId": [Function],
  "getByText": [Function],
  "getByTitle": [Function],
  "html": [Function],
  "queryAllByAltText": [Function],
  "queryAllByDisplayValue": [Function],
  "queryAllByLabelText": [Function],
  "queryAllByPlaceholderText": [Function],
  "queryAllByRole": [Function],
  "queryAllByTestId": [Function],
  "queryAllByText": [Function],
  "queryAllByTitle": [Function],
  "queryByAltText": [Function],
  "queryByDisplayValue": [Function],
  "queryByLabelText": [Function],
  "queryByPlaceholderText": [Function],
  "queryByRole": [Function],
  "queryByTestId": [Function],
  "queryByText": [Function],
  "queryByTitle": [Function],
  "rerender": [Function],
  "unmount": [Function],
}
`;
